<html>
<body>
<pre>
<h1>礦ision Build Log</h1>
<h2>Tool Versions:</h2>
IDE-Version: μVision V5.24.2.0
Copyright (C) 2017 ARM Ltd and ARM Germany GmbH. All rights reserved.
License Information: asd 16006, ads, LIC=HN0AE-50G2F-FWI2N-YFQKX-26WJK-QBQBB
 
Tool Versions:
Toolchain:       MDK-Lite  Version: 5.24.1
Toolchain Path:  E:\ARM\ARMCC\Bin
C Compiler:      Armcc.exe V5.06 update 5 (build 528)
Assembler:       Armasm.exe V5.06 update 5 (build 528)
Linker/Locator:  ArmLink.exe V5.06 update 5 (build 528)
Library Manager: ArmAr.exe V5.06 update 5 (build 528)
Hex Converter:   FromElf.exe V5.06 update 5 (build 528)
CPU DLL:         SARMCM3.DLL V5.24.1
Dialog DLL:      DCM.DLL V1.16.0.0
Target DLL:      STLink\ST-LINKIII-KEIL_SWO.dll V3.0.1.0
Dialog DLL:      TCM.DLL V1.32.0.0
 
<h2>Project:</h2>
G:\keil project\Motor_PWM_uart3_guo\MDK-ARM\Motor_PWM.uvprojx
Project File Date:  10/27/2020

<h2>Output:</h2>
*** Using Compiler 'V5.06 update 5 (build 528)', folder: 'E:\ARM\ARMCC\Bin'
Build target 'Motor_PWM'
compiling main.c...
../Src/main.c(212): warning:  #167-D: argument of type "unsigned char *" is incompatible with parameter of type "const char *"
        if(strstr(RxData,"s0l0r0f0b0&&")!=NULL )    //停
../Src/main.c(217): warning:  #167-D: argument of type "unsigned char *" is incompatible with parameter of type "const char *"
        else if(strstr(RxData,"s1l0r0f0b0&&")!=NULL )   //启
../Src/main.c(222): warning:  #167-D: argument of type "unsigned char *" is incompatible with parameter of type "const char *"
        else if(strstr(RxData,"s1l0r0f1b0&&")!=NULL )   //前进
../Src/main.c(227): warning:  #167-D: argument of type "unsigned char *" is incompatible with parameter of type "const char *"
        else if(strstr(RxData,"s1l0r0f0b1&&")!=NULL )   //后退
../Src/main.c(232): warning:  #167-D: argument of type "unsigned char *" is incompatible with parameter of type "const char *"
        else if(strstr(RxData,"s1l0r1f1b0&&")!=NULL )   //右转
../Src/main.c(237): warning:  #167-D: argument of type "unsigned char *" is incompatible with parameter of type "const char *"
        else if(strstr(RxData,"s1l1r0f1b0&&")!=NULL )   //左转
../Src/main.c(110): warning:  #550-D: variable "ss"  was set but never used
   char ss[11]={'#','#','S','=','0','0','0','0','0','&','&'};
../Src/main.c: 7 warnings, 0 errors
linking...
Program Size: Code=13760 RO-data=292 RW-data=36 ZI-data=1460  
FromELF: creating hex file...
"Motor_PWM\Motor_PWM.axf" - 0 Error(s), 7 Warning(s).

<h2>Software Packages used:</h2>

Package Vendor: ARM
                http://www.keil.com/pack/ARM.CMSIS.5.0.1.pack
                ARM.CMSIS.5.0.1
                CMSIS (Cortex Microcontroller Software Interface Standard)
   * Component: CORE Version: 5.0.1

Package Vendor: Keil
                http://www.keil.com/pack/Keil.STM32F1xx_DFP.2.3.0.pack
                Keil.STM32F1xx_DFP.2.3.0
                STMicroelectronics STM32F1 Series Device Support, Drivers and Examples

<h2>Collection of Component include folders:</h2>
  .\RTE\_Motor_PWM
  E:\ARM\PACK\ARM\CMSIS\5.0.1\CMSIS\Include
  E:\ARM\PACK\Keil\STM32F1xx_DFP\2.3.0\Device\Include

<h2>Collection of Component Files used:</h2>

   * Component: ARM::CMSIS:CORE:5.0.1
Build Time Elapsed:  00:00:02
</pre>
</body>
</html>
